Formal DDQN vs baselines profit comparison
Run at: 2026-07-29T12:41:51
profile: harsh_mild
checkpoint: logs/checkpoints/ddqn_harsh_mild_forbid_e1_rule_ws_best.pt
ckpt_train_best_eval: 2495096.3416666673
forbid_expedite (DDQN): True
demand_intensity_scale: 1.2
reps: 30  seed_base: 42  (seeds = 42 .. 71)
horizon: 30+365
elapsed_sec: 10.5
CI: mean ± 1.96*std/sqrt(n)  [95% half-width]

=== ddqn_greedy ===
  total_profit: 2486155.3608 ± 25917.6696
  fill_rate: 0.9719 ± 0.0070
  lost_sales_rate: 0.0281 ± 0.0070
  average_forward_inventory: 19.3933 ± 0.1794
  average_central_inventory: 229.7105 ± 3.6664
  total_expedite_cost: 0.0000 ± 0.0000

=== fixed_0_(s,S) ===
  total_profit: 2453409.1592 ± 30976.4730
  fill_rate: 0.9604 ± 0.0082
  lost_sales_rate: 0.0396 ± 0.0082
  average_forward_inventory: 18.8062 ± 0.2172
  average_central_inventory: 213.9753 ± 4.9922
  total_expedite_cost: 0.0000 ± 0.0000

=== best_fixed_13 ===
  total_profit: 2466956.1600 ± 25417.1412
  fill_rate: 0.9754 ± 0.0071
  lost_sales_rate: 0.0246 ± 0.0071
  average_forward_inventory: 20.0663 ± 0.1944
  average_central_inventory: 298.8346 ± 5.9418
  total_expedite_cost: 0.0000 ± 0.0000

=== rule_based ===
  total_profit: 2486155.3608 ± 25917.6696
  fill_rate: 0.9719 ± 0.0070
  lost_sales_rate: 0.0281 ± 0.0070
  average_forward_inventory: 19.3933 ± 0.1794
  average_central_inventory: 229.7105 ± 3.6664
  total_expedite_cost: 0.0000 ± 0.0000

=== Δ total_profit (ddqn − baseline) ===
  vs fixed_0_(s,S): +32746.2 (+1.33%)
  vs best_fixed_13: +19199.2 (+0.78%)
  vs rule_based: +0.0 (+0.00%)

=== per-rep total_profit ===
 rep   seed  ddqn_greedy fixed_0_(s,S best_fixed_1   rule_based
   1     42    2328213.0    2289115.0    2341462.6    2328213.0
   2     43    2526513.8    2509660.9    2511687.2    2526513.8
   3     44    2466687.8    2412682.9    2437482.8    2466687.8
   4     45    2450955.2    2407989.0    2457626.9    2450955.2
   5     46    2374607.4    2329689.0    2358079.3    2374607.4
   6     47    2533929.5    2508707.4    2515468.6    2533929.5
   7     48    2575847.7    2587567.6    2552626.4    2575847.7
   8     49    2551823.7    2559739.7    2525453.5    2551823.7
   9     50    2429137.8    2369123.1    2406086.0    2429137.8
  10     51    2357150.7    2302564.5    2332549.3    2357150.7
  11     52    2498954.9    2472824.1    2478866.8    2498954.9
  12     53    2513834.5    2470870.1    2495284.5    2513834.5
  13     54    2452512.1    2367261.7    2408361.1    2452512.1
  14     55    2581963.2    2560722.3    2552798.7    2581963.2
  15     56    2524917.2    2510418.3    2514681.7    2524917.2
  16     57    2329547.8    2289699.9    2306348.3    2329547.8
  17     58    2526755.3    2484601.4    2495905.5    2526755.3
  18     59    2509652.4    2498001.3    2500040.3    2509652.4
  19     60    2497067.1    2465668.6    2485945.2    2497067.1
  20     61    2575478.5    2570885.7    2546971.2    2575478.5
  21     62    2533091.2    2514238.7    2533761.4    2533091.2
  22     63    2376402.7    2335569.6    2357140.9    2376402.7
  23     64    2541348.2    2524815.7    2520624.1    2541348.2
  24     65    2517916.7    2494316.7    2477934.8    2517916.7
  25     66    2495294.5    2432930.9    2462533.8    2495294.5
  26     67    2437470.0    2402020.5    2405572.5    2437470.0
  27     68    2489381.3    2430021.6    2487748.4    2489381.3
  28     69    2564217.5    2540009.4    2532998.9    2564217.5
  29     70    2487583.5    2445582.8    2475069.4    2487583.5
  30     71    2536405.7    2514976.4    2531574.8    2536405.7
