Formal DDQN vs baselines profit comparison
Run at: 2026-07-29T12:41:39
profile: pdf
checkpoint: logs/checkpoints/ddqn_pdf_forbid_e1_rule_ws_best.pt
ckpt_train_best_eval: 2576065.391666666
forbid_expedite (DDQN): True
demand_intensity_scale: 1.2
reps: 30  seed_base: 42  (seeds = 42 .. 71)
horizon: 30+365
elapsed_sec: 8.7
CI: mean ± 1.96*std/sqrt(n)  [95% half-width]

=== ddqn_greedy ===
  total_profit: 2574863.8050 ± 5639.7311
  fill_rate: 0.9984 ± 0.0012
  lost_sales_rate: 0.0016 ± 0.0012
  average_forward_inventory: 20.0413 ± 0.0373
  average_central_inventory: 258.6866 ± 1.8631
  total_expedite_cost: 0.0000 ± 0.0000

=== fixed_0_(s,S) ===
  total_profit: 2573988.5950 ± 6246.9182
  fill_rate: 0.9976 ± 0.0015
  lost_sales_rate: 0.0024 ± 0.0015
  average_forward_inventory: 19.9884 ± 0.0547
  average_central_inventory: 255.1270 ± 2.0508
  total_expedite_cost: 0.0000 ± 0.0000

=== best_fixed_1 ===
  total_profit: 2574056.0542 ± 6180.3854
  fill_rate: 0.9977 ± 0.0015
  lost_sales_rate: 0.0023 ± 0.0015
  average_forward_inventory: 19.9865 ± 0.0539
  average_central_inventory: 255.2429 ± 1.9724
  total_expedite_cost: 0.0000 ± 0.0000

=== rule_based ===
  total_profit: 2574862.6600 ± 5639.4819
  fill_rate: 0.9984 ± 0.0012
  lost_sales_rate: 0.0016 ± 0.0012
  average_forward_inventory: 20.0414 ± 0.0373
  average_central_inventory: 258.6881 ± 1.8637
  total_expedite_cost: 0.0000 ± 0.0000

=== Δ total_profit (ddqn − baseline) ===
  vs fixed_0_(s,S): +875.2 (+0.03%)
  vs best_fixed_1: +807.8 (+0.03%)
  vs rule_based: +1.1 (+0.00%)

=== per-rep total_profit ===
 rep   seed  ddqn_greedy fixed_0_(s,S best_fixed_1   rule_based
   1     42    2579849.5    2577371.0    2577733.4    2579849.5
   2     43    2578000.0    2578579.9    2578587.1    2578000.0
   3     44    2504895.8    2498553.5    2499362.0    2504895.8
   4     45    2573871.1    2577257.0    2577069.5    2573871.1
   5     46    2575180.8    2569021.3    2568597.8    2575180.8
   6     47    2584264.4    2586035.8    2587106.6    2584264.4
   7     48    2588548.8    2590611.0    2590575.3    2588548.8
   8     49    2574133.5    2574950.4    2574815.9    2574133.5
   9     50    2588146.5    2585920.5    2584056.8    2588146.5
  10     51    2581427.8    2582783.1    2582281.8    2581427.8
  11     52    2563431.1    2561982.8    2562519.3    2563431.1
  12     53    2568961.8    2568667.6    2569432.5    2568961.8
  13     54    2568139.8    2569470.5    2569516.8    2568139.8
  14     55    2591268.3    2591532.9    2591095.7    2591268.3
  15     56    2584143.4    2582661.0    2583797.7    2584109.0
  16     57    2578565.3    2578524.3    2578942.5    2578565.3
  17     58    2564190.8    2564269.7    2564623.5    2564190.8
  18     59    2567529.3    2568175.2    2568973.2    2567529.3
  19     60    2595033.9    2597032.8    2597099.1    2595033.9
  20     61    2583601.3    2584377.2    2583263.9    2583601.3
  21     62    2573455.6    2574743.7    2574164.1    2573455.6
  22     63    2577919.8    2577642.7    2579105.1    2577919.8
  23     64    2572452.1    2574683.0    2574437.9    2572452.1
  24     65    2581752.8    2581977.2    2581880.5    2581752.8
  25     66    2584711.4    2586451.9    2586112.2    2584711.4
  26     67    2569789.2    2569134.0    2569334.7    2569789.2
  27     68    2571054.4    2568674.7    2567818.1    2571054.4
  28     69    2587721.1    2584970.5    2585270.6    2587721.1
  29     70    2561799.0    2562999.3    2563167.2    2561799.0
  30     71    2572075.5    2550603.2    2550940.8    2572075.5
