DDQN + rule warm-start (forbid e=1)
Run at: 2026-07-29T12:41:05
profile: harsh_mild
forbid_expedite: True
demand_intensity_scale: 1.2
warmstart_episodes: 20
bc_updates: 2000  bc_lr: 0.001
rl_episodes: 50
eps: 0.2 → 0.01 over 10000
lr: 0.0003

warmstart transitions: 7300
warmstart rule mean raw profit: 2474188.5675
warmstart pre-RL greedy eval: 2495096.3416666673
td_pre_updates: 500

best_eval_profit: 2495096.3416666673
final_eps: 0.010000000000000009
global_steps: 18250
updates: 18750
elapsed_sec: 24.6
checkpoint: /Users/oliverhuang/Desktop/2026_furp_零售/logs/checkpoints/ddqn_harsh_mild_forbid_e1_rule_ws_best.pt

=== eval history ===
ep 005: 2469241.1 ± 66199.0
ep 010: 2469797.4 ± 70972.7
ep 015: 2482789.7 ± 55877.3
ep 020: 2477066.9 ± 73597.6
ep 025: 2480764.2 ± 77015.5
ep 030: 2477923.3 ± 64623.7
ep 035: 2480025.8 ± 66596.6
ep 040: 2479055.5 ± 73612.8
ep 045: 2471978.9 ± 74382.6
ep 050: 2475795.9 ± 61924.1

Reference (same setting, 10-rep comparison logs):
  fixed_0 ≈ 1.960M
  best_fixed_12 ≈ 2.129M
  rule_based ≈ 2.126M
  ddqn forbid (no warmstart) ≈ 2.070M
