
===== TRAIN A: no_warmstart =====
  warmstart_ep=0 bc=0 td_pre=0 eps=1.0→0.01 rl_ep=50
[eval  ep 005] greedy_profit=2141745.6 ± 127558.7 (n=3, days=365)
[train ep 010/50] algo=ddqn steps=365 return=199.905 raw_profit=1999051.2 loss=0.12894 eps=0.759 buf=3650 updates=2651
[eval  ep 010] greedy_profit=2156643.8 ± 101360.9 (n=3, days=365)
[eval  ep 015] greedy_profit=2154494.7 ± 104773.8 (n=3, days=365)
[train ep 020/50] algo=ddqn steps=365 return=248.193 raw_profit=2481926.0 loss=0.45344 eps=0.518 buf=7300 updates=6301
[eval  ep 020] greedy_profit=2134239.7 ± 118972.9 (n=3, days=365)
[eval  ep 025] greedy_profit=2144687.0 ± 123720.8 (n=3, days=365)
[train ep 030/50] algo=ddqn steps=365 return=237.363 raw_profit=2373628.9 loss=0.67120 eps=0.277 buf=10950 updates=9951
[eval  ep 030] greedy_profit=2153166.0 ± 109487.7 (n=3, days=365)
[eval  ep 035] greedy_profit=2126701.6 ± 100099.2 (n=3, days=365)
[train ep 040/50] algo=ddqn steps=365 return=203.891 raw_profit=2038913.9 loss=1.19474 eps=0.036 buf=14600 updates=13601
[eval  ep 040] greedy_profit=2148223.4 ± 122340.8 (n=3, days=365)
[eval  ep 045] greedy_profit=2152723.6 ± 99627.0 (n=3, days=365)
[train ep 050/50] algo=ddqn steps=365 return=193.338 raw_profit=1933380.3 loss=1.62618 eps=0.010 buf=18250 updates=17251
[eval  ep 050] greedy_profit=2134018.8 ± 97290.3 (n=3, days=365)
saved best checkpoint → /Users/oliverhuang/Desktop/2026_furp_零售/logs/checkpoints/ddqn_ws_ablate_A_no_warmstart_best.pt (profit=2156643.8)
[A] best_eval=2156643.77 ws={'episodes': 0, 'transitions': 0, 'bc_losses': []}

===== TRAIN B: prefill_only =====
  warmstart_ep=20 bc=0 td_pre=0 eps=0.2→0.01 rl_ep=50
[warmstart] collecting 20 rule episodes (forbid_expedite=True) ...
[warmstart rule ep 001/20] raw_profit=2113685.3 buf=365
[warmstart rule ep 002/20] raw_profit=1985927.9 buf=730
[warmstart rule ep 003/20] raw_profit=2198766.7 buf=1095
[warmstart rule ep 004/20] raw_profit=2269048.3 buf=1460
[warmstart rule ep 005/20] raw_profit=2125223.2 buf=1825
[warmstart rule ep 006/20] raw_profit=2246858.4 buf=2190
[warmstart rule ep 007/20] raw_profit=2000632.2 buf=2555
[warmstart rule ep 008/20] raw_profit=2249510.2 buf=2920
[warmstart rule ep 009/20] raw_profit=2088547.6 buf=3285
[warmstart rule ep 010/20] raw_profit=2124873.6 buf=3650
[warmstart rule ep 011/20] raw_profit=2203235.4 buf=4015
[warmstart rule ep 012/20] raw_profit=2316572.0 buf=4380
[warmstart rule ep 013/20] raw_profit=1941794.2 buf=4745
[warmstart rule ep 014/20] raw_profit=2242409.7 buf=5110
[warmstart rule ep 015/20] raw_profit=2233494.9 buf=5475
[warmstart rule ep 016/20] raw_profit=2131914.2 buf=5840
[warmstart rule ep 017/20] raw_profit=2222062.9 buf=6205
[warmstart rule ep 018/20] raw_profit=2443244.2 buf=6570
[warmstart rule ep 019/20] raw_profit=2254974.9 buf=6935
[warmstart rule ep 020/20] raw_profit=2079305.2 buf=7300
[warmstart] pre-RL greedy eval profit=2077984.7 ± 141219.0
[eval  ep 005] greedy_profit=2153127.1 ± 116256.6 (n=3, days=365)
[train ep 010/50] algo=ddqn steps=365 return=201.321 raw_profit=2013209.0 loss=0.16598 eps=0.131 buf=10950 updates=3650
[eval  ep 010] greedy_profit=2130769.1 ± 125562.3 (n=3, days=365)
[eval  ep 015] greedy_profit=2115337.6 ± 109004.9 (n=3, days=365)
[train ep 020/50] algo=ddqn steps=365 return=251.431 raw_profit=2514310.0 loss=0.40320 eps=0.061 buf=14600 updates=7300
[eval  ep 020] greedy_profit=2119268.2 ± 95680.4 (n=3, days=365)
[eval  ep 025] greedy_profit=2157123.3 ± 99491.5 (n=3, days=365)
[train ep 030/50] algo=ddqn steps=365 return=234.349 raw_profit=2343492.2 loss=0.66097 eps=0.010 buf=18250 updates=10950
[eval  ep 030] greedy_profit=2168982.4 ± 88804.2 (n=3, days=365)
[eval  ep 035] greedy_profit=2154571.9 ± 121896.7 (n=3, days=365)
[train ep 040/50] algo=ddqn steps=365 return=207.054 raw_profit=2070538.9 loss=0.97362 eps=0.010 buf=21900 updates=14600
[eval  ep 040] greedy_profit=2129348.5 ± 136458.4 (n=3, days=365)
[eval  ep 045] greedy_profit=2143647.1 ± 140982.1 (n=3, days=365)
[train ep 050/50] algo=ddqn steps=365 return=191.013 raw_profit=1910125.2 loss=1.09216 eps=0.010 buf=25550 updates=18250
[eval  ep 050] greedy_profit=2161314.2 ± 116965.3 (n=3, days=365)
saved best checkpoint → /Users/oliverhuang/Desktop/2026_furp_零售/logs/checkpoints/ddqn_ws_ablate_B_prefill_only_best.pt (profit=2168982.4)
[B] best_eval=2168982.35 ws={'episodes': 20, 'transitions': 7300, 'bc_losses': [], 'rule_mean_raw_profit': 2173604.0512499996, 'td_pre_updates': 0, 'pre_rl_eval_profit': 2077984.7499999993}

===== TRAIN C: light_bc_200 =====
  warmstart_ep=20 bc=200 td_pre=500 eps=0.2→0.01 rl_ep=50
[warmstart] collecting 20 rule episodes (forbid_expedite=True) ...
[warmstart rule ep 001/20] raw_profit=2113685.3 buf=365
[warmstart rule ep 002/20] raw_profit=1985927.9 buf=730
[warmstart rule ep 003/20] raw_profit=2198766.7 buf=1095
[warmstart rule ep 004/20] raw_profit=2269048.3 buf=1460
[warmstart rule ep 005/20] raw_profit=2125223.2 buf=1825
[warmstart rule ep 006/20] raw_profit=2246858.4 buf=2190
[warmstart rule ep 007/20] raw_profit=2000632.2 buf=2555
[warmstart rule ep 008/20] raw_profit=2249510.2 buf=2920
[warmstart rule ep 009/20] raw_profit=2088547.6 buf=3285
[warmstart rule ep 010/20] raw_profit=2124873.6 buf=3650
[warmstart rule ep 011/20] raw_profit=2203235.4 buf=4015
[warmstart rule ep 012/20] raw_profit=2316572.0 buf=4380
[warmstart rule ep 013/20] raw_profit=1941794.2 buf=4745
[warmstart rule ep 014/20] raw_profit=2242409.7 buf=5110
[warmstart rule ep 015/20] raw_profit=2233494.9 buf=5475
[warmstart rule ep 016/20] raw_profit=2131914.2 buf=5840
[warmstart rule ep 017/20] raw_profit=2222062.9 buf=6205
[warmstart rule ep 018/20] raw_profit=2443244.2 buf=6570
[warmstart rule ep 019/20] raw_profit=2254974.9 buf=6935
[warmstart rule ep 020/20] raw_profit=2079305.2 buf=7300
[warmstart] behavioral cloning 200 updates ...
[warmstart BC 0001/200] loss=3.3177
[warmstart BC 0040/200] loss=0.3704
[warmstart BC 0080/200] loss=0.1325
[warmstart BC 0120/200] loss=0.0384
[warmstart BC 0160/200] loss=0.0093
[warmstart BC 0200/200] loss=0.0088
[warmstart] pre-RL greedy eval profit=2171630.0 ± 126972.4
[eval  ep 005] greedy_profit=2141948.4 ± 110933.0 (n=3, days=365)
[train ep 010/50] algo=ddqn steps=365 return=205.424 raw_profit=2054236.3 loss=0.81784 eps=0.131 buf=10950 updates=4150
[eval  ep 010] greedy_profit=2156141.4 ± 125424.3 (n=3, days=365)
[eval  ep 015] greedy_profit=2167016.0 ± 108945.3 (n=3, days=365)
[train ep 020/50] algo=ddqn steps=365 return=248.148 raw_profit=2481482.0 loss=0.99659 eps=0.061 buf=14600 updates=7800
[eval  ep 020] greedy_profit=2162356.9 ± 127847.3 (n=3, days=365)
[eval  ep 025] greedy_profit=2153305.9 ± 131705.6 (n=3, days=365)
[train ep 030/50] algo=ddqn steps=365 return=238.787 raw_profit=2387870.9 loss=1.44075 eps=0.010 buf=18250 updates=11450
[eval  ep 030] greedy_profit=2157166.5 ± 136619.1 (n=3, days=365)
[eval  ep 035] greedy_profit=2133743.2 ± 132391.3 (n=3, days=365)
[train ep 040/50] algo=ddqn steps=365 return=203.560 raw_profit=2035604.5 loss=1.56329 eps=0.010 buf=21900 updates=15100
[eval  ep 040] greedy_profit=2145759.4 ± 129869.3 (n=3, days=365)
[eval  ep 045] greedy_profit=2115231.2 ± 140147.7 (n=3, days=365)
[train ep 050/50] algo=ddqn steps=365 return=189.690 raw_profit=1896904.2 loss=1.67773 eps=0.010 buf=25550 updates=18750
[eval  ep 050] greedy_profit=2136567.4 ± 121639.9 (n=3, days=365)
saved best checkpoint → /Users/oliverhuang/Desktop/2026_furp_零售/logs/checkpoints/ddqn_ws_ablate_C_light_bc_200_best.pt (profit=2171630.0)
[C] best_eval=2171630.00 ws={'episodes': 20, 'transitions': 7300, 'bc_losses': [3.3176522254943848, 3.0075080394744873, 2.768760919570923, 2.3156137466430664, 2.067913770675659, 2.0037386417388916, 1.7286038398742676, 1.5114474296569824, 1.3587976694107056, 1.2281146049499512, 1.1651298999786377, 1.061378836631775, 1.0237642526626587, 1.0162758827209473, 0.8129830956459045, 0.8434429168701172, 0.9081615805625916, 0.7381272912025452, 0.7571972012519836, 0.716031551361084, 0.6955292820930481, 0.6842663288116455, 0.638528048992157, 0.5833511352539062, 0.6805261373519897, 0.6300923228263855, 0.5852907299995422, 0.5252635478973389, 0.5724008083343506, 0.47513774037361145, 0.5320038795471191, 0.4586019217967987, 0.4527263045310974, 0.46610674262046814, 0.4205891489982605, 0.4608895182609558, 0.36384910345077515, 0.44415733218193054, 0.4006914496421814, 0.3704468011856079, 0.364213764667511, 0.3323081433773041, 0.3296821415424347, 0.3075500726699829, 0.2636170983314514, 0.3523336946964264, 0.3408271372318268, 0.35762184858322144, 0.2569620907306671, 0.2679329812526703, 0.3189969062805176, 0.2854442596435547, 0.30731382966041565, 0.24846245348453522, 0.2808471620082855, 0.24068336188793182, 0.2497968226671219, 0.2777057886123657, 0.18973536789417267, 0.22050821781158447, 0.26204708218574524, 0.19773761928081512, 0.1749570220708847, 0.21984057128429413, 0.26548928022384644, 0.21344390511512756, 0.20209313929080963, 0.19140812754631042, 0.17152588069438934, 0.1458723396062851, 0.21973352134227753, 0.1655096411705017, 0.19278573989868164, 0.1295372098684311, 0.14247991144657135, 0.20342357456684113, 0.18474510312080383, 0.12776081264019012, 0.1135776937007904, 0.13254505395889282, 0.11473637074232101, 0.08799546211957932, 0.10996837168931961, 0.13076592981815338, 0.11697949469089508, 0.09488452225923538, 0.1087542176246643, 0.10859862715005875, 0.07044661790132523, 0.09330732375383377, 0.09857096523046494, 0.09798841178417206, 0.06482558697462082, 0.09599859267473221, 0.07335082441568375, 0.0683697983622551, 0.07688462734222412, 0.05245991423726082, 0.0625636950135231, 0.06668934971094131, 0.08292694389820099, 0.08318912982940674, 0.07315809279680252, 0.057495635002851486, 0.07120393961668015, 0.048247359693050385, 0.04976200684905052, 0.03594803437590599, 0.05988498777151108, 0.060553062707185745, 0.0529482364654541, 0.043217238038778305, 0.05210401862859726, 0.038966014981269836, 0.041566330939531326, 0.06036121025681496, 0.050618868321180344, 0.045767854899168015, 0.051917411386966705, 0.038429442793130875, 0.03675651550292969, 0.032174549996852875, 0.06260333210229874, 0.03625832870602608, 0.032707490026950836, 0.041474223136901855, 0.0316292867064476, 0.03673993796110153, 0.030625412240624428, 0.03117774799466133, 0.02813878282904625, 0.026627518236637115, 0.026049399748444557, 0.026282785460352898, 0.028541848063468933, 0.017717862501740456, 0.025479936972260475, 0.04231707751750946, 0.022182801738381386, 0.02778308093547821, 0.029145248234272003, 0.018679697066545486, 0.02105896919965744, 0.018378548324108124, 0.014001776464283466, 0.019824333488941193, 0.017981894314289093, 0.02261355333030224, 0.021307623013854027, 0.014224914833903313, 0.020517399534583092, 0.01788213662803173, 0.022445105016231537, 0.0144632114097476, 0.020144743844866753, 0.024167437106370926, 0.025363244116306305, 0.016900738701224327, 0.015899062156677246, 0.009277936071157455, 0.01828669384121895, 0.026165729388594627, 0.01757827214896679, 0.015889540314674377, 0.010658042505383492, 0.01250341348350048, 0.011748524382710457, 0.012146181426942348, 0.012520143762230873, 0.02104932628571987, 0.010863094590604305, 0.012194561772048473, 0.02122603729367256, 0.014953216537833214, 0.010575028136372566, 0.011546503752470016, 0.01060002576559782, 0.011388679035007954, 0.009607869200408459, 0.013506066985428333, 0.008314316160976887, 0.009021058678627014, 0.010903897695243359, 0.01136595569550991, 0.010170607827603817, 0.012206817045807838, 0.008538060821592808, 0.011168157681822777, 0.011451293714344501, 0.009347561746835709, 0.01071467250585556, 0.010531852953135967, 0.008368261158466339, 0.007224001456052065, 0.006946987938135862, 0.006704540457576513, 0.00686230044811964, 0.005960940849035978, 0.008917582221329212, 0.008801493793725967], 'rule_mean_raw_profit': 2173604.0512499996, 'td_pre_updates': 500, 'pre_rl_eval_profit': 2171630.0}

===== 30-rep eval profile=harsh_strong =====

=== baseline fixed_0_(s,S) ===
  fixed_0_(s,S) mean=1987242.83 ± 67121.16

=== baseline best_fixed_12 ===
  best_fixed_12 mean=2155239.64 ± 57518.15

=== baseline rule_based ===
  rule_based mean=2143906.96 ± 59791.66

=== DDQN A:no_warmstart ===
  [A:no_warmstart] DDQN mean=2105781.69 ± 63252.76  (report {'mean': 2105781.685833333, 'ci_half_width': 63252.759617718904})
  [A:no_warmstart] severe_days=2297 ell2|sev=39.7% gH_sev=1.091 agree_rule=7.1%

=== DDQN B:prefill_only ===
  [B:prefill_only] DDQN mean=2121941.79 ± 59846.05  (report {'mean': 2121941.786666667, 'ci_half_width': 59846.05328166558})
  [B:prefill_only] severe_days=2297 ell2|sev=66.7% gH_sev=1.074 agree_rule=26.2%

=== DDQN C:light_bc_200 ===
  [C:light_bc_200] DDQN mean=2144850.43 ± 59826.01  (report {'mean': 2144850.433333333, 'ci_half_width': 59826.00598254095})
  [C:light_bc_200] severe_days=2297 ell2|sev=100.0% gH_sev=-0.000 agree_rule=99.5%

=== DDQN D:heavy_bc_2000 ===
  [D:heavy_bc_2000] DDQN mean=2136920.35 ± 59921.79  (report {'mean': 2136920.3474999997, 'ci_half_width': 59921.78933227595})
  [D:heavy_bc_2000] severe_days=2297 ell2|sev=79.5% gH_sev=1.030 agree_rule=29.2%
Traceback (most recent call last):
  File "experiments/ablate_warmstart_abc.py", line 382, in <module>
    main()
  File "experiments/ablate_warmstart_abc.py", line 323, in main
    fixed0_mean = float(np.mean(baseline_profits["fixed_0"]))
KeyError: 'fixed_0'
