Formal DDQN vs baselines profit comparison
Run at: 2026-07-29T12:36:41
profile: harsh_strong
checkpoint: logs/checkpoints/ddqn_harsh_strong_forbid_e1_rule_ws_best.pt
ckpt_train_best_eval: 2174787.4166666646
forbid_expedite (DDQN): True
demand_intensity_scale: 1.2
reps: 30  seed_base: 42  (seeds = 42 .. 71)
horizon: 30+365
elapsed_sec: 13.0
CI: mean ± 1.96*std/sqrt(n)  [95% half-width]

=== ddqn_greedy ===
  total_profit: 2136920.3475 ± 59921.7893
  fill_rate: 0.8768 ± 0.0158
  lost_sales_rate: 0.1232 ± 0.0158
  average_forward_inventory: 17.0845 ± 0.3884
  average_central_inventory: 183.2090 ± 8.0105
  total_expedite_cost: 0.0000 ± 0.0000

=== fixed_0_(s,S) ===
  total_profit: 1987242.8325 ± 67121.1628
  fill_rate: 0.8315 ± 0.0168
  lost_sales_rate: 0.1685 ± 0.0168
  average_forward_inventory: 15.0960 ± 0.4089
  average_central_inventory: 128.1401 ± 6.0406
  total_expedite_cost: 0.0000 ± 0.0000

=== best_fixed_12 ===
  total_profit: 2155239.6383 ± 57518.1479
  fill_rate: 0.8821 ± 0.0153
  lost_sales_rate: 0.1179 ± 0.0153
  average_forward_inventory: 17.2723 ± 0.3895
  average_central_inventory: 190.3181 ± 8.3358
  total_expedite_cost: 0.0000 ± 0.0000

=== rule_based ===
  total_profit: 2143906.9617 ± 59791.6599
  fill_rate: 0.8755 ± 0.0155
  lost_sales_rate: 0.1245 ± 0.0155
  average_forward_inventory: 16.8431 ± 0.3831
  average_central_inventory: 159.0001 ± 6.1037
  total_expedite_cost: 0.0000 ± 0.0000

=== Δ total_profit (ddqn − baseline) ===
  vs fixed_0_(s,S): +149677.5 (+7.53%)
  vs best_fixed_12: -18319.3 (-0.85%)
  vs rule_based: -6986.6 (-0.33%)

=== per-rep total_profit ===
 rep   seed  ddqn_greedy fixed_0_(s,S best_fixed_1   rule_based
   1     42    2160533.0    1934793.1    2123207.1    2125227.7
   2     43    2168925.3    2040326.1    2177289.8    2184140.2
   3     44    2367979.3    2286853.1    2399696.8    2373385.3
   4     45    2030720.4    1848386.3    2076268.9    2061860.5
   5     46    1983015.4    1878665.7    1998055.4    2018470.6
   6     47    1935654.3    1744711.7    1954182.3    1933366.6
   7     48    2349101.5    2181590.9    2336311.5    2351824.1
   8     49    2200717.4    2090234.5    2195281.0    2212425.7
   9     50    1927804.5    1668086.6    1948186.0    1916549.7
  10     51    2039452.0    1926920.6    2080355.6    2078281.4
  11     52    2080519.7    1961908.4    2127766.8    2094423.6
  12     53    2220242.7    2030611.5    2237632.0    2220485.5
  13     54    1986958.0    1878560.7    2004603.9    2014420.7
  14     55    2209670.8    2034653.8    2231962.0    2184199.2
  15     56    2371285.3    2229463.0    2375480.7    2374502.1
  16     57    1887531.9    1757097.4    1947827.7    1926400.2
  17     58    1901226.7    1680458.8    1922416.2    1915597.0
  18     59    2146070.2    1964393.5    2144282.3    2079786.1
  19     60    2192788.8    2038023.9    2189099.8    2221530.5
  20     61    2502814.0    2434702.0    2506309.2    2519412.8
  21     62    1931248.7    1757499.7    1971616.6    1955029.7
  22     63    1939419.5    1804888.6    1984634.5    1908691.2
  23     64    1934894.3    1764862.9    1944209.3    1957221.5
  24     65    2221550.2    2099709.9    2238551.2    2235226.9
  25     66    2310001.3    2164548.0    2319352.1    2312365.3
  26     67    2152345.9    1999187.0    2173252.1    2143710.7
  27     68    2208333.6    2071747.8    2226000.5    2227393.2
  28     69    2216819.6    2085764.2    2242073.2    2234400.3
  29     70    2144643.1    2032881.5    2155393.0    2118289.9
  30     71    2385343.1    2225753.8    2425891.7    2418590.6
