
===== TRAIN ddqn/no_ws/nomask =====
[train] state_encoder=raw dim=94 action_space=coarse n_actions=18 algo=ddqn forbid_expedite=True
[eval  ep 005] greedy_profit=2141745.6 ± 127558.7 (n=3, days=365)
[train ep 010/50] algo=ddqn steps=365 return=199.905 raw_profit=1999051.2 loss=0.12894 eps=0.759 buf=3650 updates=2651
[eval  ep 010] greedy_profit=2156643.8 ± 101360.9 (n=3, days=365)
[eval  ep 015] greedy_profit=2154494.7 ± 104773.8 (n=3, days=365)
[train ep 020/50] algo=ddqn steps=365 return=248.193 raw_profit=2481926.0 loss=0.45344 eps=0.518 buf=7300 updates=6301
[eval  ep 020] greedy_profit=2134239.7 ± 118972.9 (n=3, days=365)
[eval  ep 025] greedy_profit=2144687.0 ± 123720.8 (n=3, days=365)
[train ep 030/50] algo=ddqn steps=365 return=237.363 raw_profit=2373628.9 loss=0.67120 eps=0.277 buf=10950 updates=9951
[eval  ep 030] greedy_profit=2153166.0 ± 109487.7 (n=3, days=365)
[eval  ep 035] greedy_profit=2126701.6 ± 100099.2 (n=3, days=365)
[train ep 040/50] algo=ddqn steps=365 return=203.891 raw_profit=2038913.9 loss=1.19474 eps=0.036 buf=14600 updates=13601
[eval  ep 040] greedy_profit=2148223.4 ± 122340.8 (n=3, days=365)
[eval  ep 045] greedy_profit=2152723.6 ± 99627.0 (n=3, days=365)
[train ep 050/50] algo=ddqn steps=365 return=193.338 raw_profit=1933380.3 loss=1.62618 eps=0.010 buf=18250 updates=17251
[eval  ep 050] greedy_profit=2134018.8 ± 97290.3 (n=3, days=365)
saved best checkpoint → /Users/oliverhuang/Desktop/2026_furp_零售/logs/checkpoints/ddqn_harsh_strong_raw94_ddqn_no_ws_nomask_best.pt (profit=2156643.8)
[ddqn/no_ws/nomask] best_eval=2156643.766666667

===== TRAIN ddqn/no_ws/rulemask =====
[train] state_encoder=raw dim=94 action_space=coarse n_actions=18 algo=ddqn forbid_expedite=True
[eval  ep 005] greedy_profit=2174667.6 ± 120366.8 (n=3, days=365)
[train ep 010/50] algo=ddqn steps=365 return=206.837 raw_profit=2068367.3 loss=0.09965 eps=0.759 buf=3650 updates=2651
[eval  ep 010] greedy_profit=2161227.3 ± 106994.9 (n=3, days=365)
[eval  ep 015] greedy_profit=2168567.4 ± 110801.7 (n=3, days=365)
[train ep 020/50] algo=ddqn steps=365 return=250.356 raw_profit=2503562.5 loss=0.36299 eps=0.518 buf=7300 updates=6301
[eval  ep 020] greedy_profit=2167941.7 ± 100599.7 (n=3, days=365)
[eval  ep 025] greedy_profit=2175798.6 ± 107243.6 (n=3, days=365)
[train ep 030/50] algo=ddqn steps=365 return=239.781 raw_profit=2397813.6 loss=0.58919 eps=0.277 buf=10950 updates=9951
[eval  ep 030] greedy_profit=2179073.8 ± 106069.9 (n=3, days=365)
[eval  ep 035] greedy_profit=2177968.3 ± 109736.5 (n=3, days=365)
[train ep 040/50] algo=ddqn steps=365 return=208.119 raw_profit=2081185.1 loss=0.99622 eps=0.036 buf=14600 updates=13601
[eval  ep 040] greedy_profit=2179010.4 ± 109440.4 (n=3, days=365)
[eval  ep 045] greedy_profit=2179378.6 ± 100968.7 (n=3, days=365)
[train ep 050/50] algo=ddqn steps=365 return=195.848 raw_profit=1958478.2 loss=1.19837 eps=0.010 buf=18250 updates=17251
[eval  ep 050] greedy_profit=2174354.2 ± 107144.0 (n=3, days=365)
saved best checkpoint → /Users/oliverhuang/Desktop/2026_furp_零售/logs/checkpoints/ddqn_harsh_strong_raw94_ddqn_no_ws_rulemask_best.pt (profit=2179378.6)
[ddqn/no_ws/rulemask] best_eval=2179378.633333333

===== TRAIN ddqn/ws/nomask =====
[train] state_encoder=raw dim=94 action_space=coarse n_actions=18 algo=ddqn forbid_expedite=True
[warmstart] collecting 20 rule episodes (forbid_expedite=True) ...
[warmstart rule ep 001/20] raw_profit=2113685.3 buf=365
[warmstart rule ep 002/20] raw_profit=1985927.9 buf=730
[warmstart rule ep 003/20] raw_profit=2198766.7 buf=1095
[warmstart rule ep 004/20] raw_profit=2269048.3 buf=1460
[warmstart rule ep 005/20] raw_profit=2125223.2 buf=1825
[warmstart rule ep 006/20] raw_profit=2246858.4 buf=2190
[warmstart rule ep 007/20] raw_profit=2000632.2 buf=2555
[warmstart rule ep 008/20] raw_profit=2249510.2 buf=2920
[warmstart rule ep 009/20] raw_profit=2088547.6 buf=3285
[warmstart rule ep 010/20] raw_profit=2124873.6 buf=3650
[warmstart rule ep 011/20] raw_profit=2203235.4 buf=4015
[warmstart rule ep 012/20] raw_profit=2316572.0 buf=4380
[warmstart rule ep 013/20] raw_profit=1941794.2 buf=4745
[warmstart rule ep 014/20] raw_profit=2242409.7 buf=5110
[warmstart rule ep 015/20] raw_profit=2233494.9 buf=5475
[warmstart rule ep 016/20] raw_profit=2131914.2 buf=5840
[warmstart rule ep 017/20] raw_profit=2222062.9 buf=6205
[warmstart rule ep 018/20] raw_profit=2443244.2 buf=6570
[warmstart rule ep 019/20] raw_profit=2254974.9 buf=6935
[warmstart rule ep 020/20] raw_profit=2079305.2 buf=7300
[warmstart] behavioral cloning 2000 updates ...
[warmstart BC 0001/2000] loss=3.3177
[warmstart BC 0400/2000] loss=0.0009
[warmstart BC 0800/2000] loss=0.0003
[warmstart BC 1200/2000] loss=0.0001
[warmstart BC 1600/2000] loss=0.0001
[warmstart BC 2000/2000] loss=0.0000
[warmstart] pre-RL greedy eval profit=2171627.1 ± 126977.3
[eval  ep 005] greedy_profit=2144276.9 ± 134741.6 (n=3, days=365)
[train ep 010/50] algo=ddqn steps=365 return=205.785 raw_profit=2057853.4 loss=1.46874 eps=0.131 buf=10950 updates=4150
[eval  ep 010] greedy_profit=2160057.1 ± 101286.2 (n=3, days=365)
[eval  ep 015] greedy_profit=2174787.4 ± 126429.8 (n=3, days=365)
[train ep 020/50] algo=ddqn steps=365 return=249.699 raw_profit=2496990.2 loss=1.96652 eps=0.061 buf=14600 updates=7800
[eval  ep 020] greedy_profit=2150329.9 ± 149800.9 (n=3, days=365)
[eval  ep 025] greedy_profit=2160161.2 ± 120623.8 (n=3, days=365)
[train ep 030/50] algo=ddqn steps=365 return=239.765 raw_profit=2397649.6 loss=2.18546 eps=0.010 buf=18250 updates=11450
[eval  ep 030] greedy_profit=2152594.7 ± 99780.9 (n=3, days=365)
[eval  ep 035] greedy_profit=2139044.7 ± 122810.5 (n=3, days=365)
[train ep 040/50] algo=ddqn steps=365 return=206.037 raw_profit=2060372.9 loss=2.71911 eps=0.010 buf=21900 updates=15100
[eval  ep 040] greedy_profit=2150315.8 ± 119415.0 (n=3, days=365)
[eval  ep 045] greedy_profit=2156689.1 ± 109129.6 (n=3, days=365)
[train ep 050/50] algo=ddqn steps=365 return=190.833 raw_profit=1908325.4 loss=3.30000 eps=0.010 buf=25550 updates=18750
[eval  ep 050] greedy_profit=2146832.9 ± 133344.2 (n=3, days=365)
saved best checkpoint → /Users/oliverhuang/Desktop/2026_furp_零售/logs/checkpoints/ddqn_harsh_strong_raw94_ddqn_ws_nomask_best.pt (profit=2174787.4)
[ddqn/ws/nomask] best_eval=2174787.4166666646

===== TRAIN ddqn/ws/rulemask =====
[train] state_encoder=raw dim=94 action_space=coarse n_actions=18 algo=ddqn forbid_expedite=True
[warmstart] collecting 20 rule episodes (forbid_expedite=True) ...
[warmstart rule ep 001/20] raw_profit=2149523.0 buf=365
[warmstart rule ep 002/20] raw_profit=2014498.5 buf=730
[warmstart rule ep 003/20] raw_profit=2171639.1 buf=1095
[warmstart rule ep 004/20] raw_profit=2272143.7 buf=1460
[warmstart rule ep 005/20] raw_profit=2090687.3 buf=1825
[warmstart rule ep 006/20] raw_profit=2237136.3 buf=2190
[warmstart rule ep 007/20] raw_profit=2006779.5 buf=2555
[warmstart rule ep 008/20] raw_profit=2244974.0 buf=2920
[warmstart rule ep 009/20] raw_profit=2070977.2 buf=3285
[warmstart rule ep 010/20] raw_profit=2147958.1 buf=3650
[warmstart rule ep 011/20] raw_profit=2190256.7 buf=4015
[warmstart rule ep 012/20] raw_profit=2311632.3 buf=4380
[warmstart rule ep 013/20] raw_profit=1978647.5 buf=4745
[warmstart rule ep 014/20] raw_profit=2246716.6 buf=5110
[warmstart rule ep 015/20] raw_profit=2242225.4 buf=5475
[warmstart rule ep 016/20] raw_profit=2135048.5 buf=5840
[warmstart rule ep 017/20] raw_profit=2258935.2 buf=6205
[warmstart rule ep 018/20] raw_profit=2477817.5 buf=6570
[warmstart rule ep 019/20] raw_profit=2232941.8 buf=6935
[warmstart rule ep 020/20] raw_profit=2123558.1 buf=7300
[warmstart] behavioral cloning 2000 updates ...
[warmstart BC 0001/2000] loss=2.7348
[warmstart BC 0400/2000] loss=0.0662
[warmstart BC 0800/2000] loss=0.0919
[warmstart BC 1200/2000] loss=0.0407
[warmstart BC 1600/2000] loss=0.0349
[warmstart BC 2000/2000] loss=0.0319
[warmstart] pre-RL greedy eval profit=2174301.1 ± 110596.6
[eval  ep 005] greedy_profit=2169505.1 ± 106418.5 (n=3, days=365)
[train ep 010/50] algo=ddqn steps=365 return=205.837 raw_profit=2058367.3 loss=2.32562 eps=0.131 buf=10950 updates=4150
[eval  ep 010] greedy_profit=2170564.7 ± 112227.2 (n=3, days=365)
[eval  ep 015] greedy_profit=2170415.1 ± 107717.2 (n=3, days=365)
[train ep 020/50] algo=ddqn steps=365 return=251.593 raw_profit=2515929.6 loss=1.36897 eps=0.061 buf=14600 updates=7800
[eval  ep 020] greedy_profit=2168695.5 ± 110941.6 (n=3, days=365)
[eval  ep 025] greedy_profit=2174933.8 ± 114233.8 (n=3, days=365)
[train ep 030/50] algo=ddqn steps=365 return=241.796 raw_profit=2417962.6 loss=1.67545 eps=0.010 buf=18250 updates=11450
[eval  ep 030] greedy_profit=2170871.7 ± 100631.8 (n=3, days=365)
[eval  ep 035] greedy_profit=2174892.0 ± 105049.9 (n=3, days=365)
[train ep 040/50] algo=ddqn steps=365 return=208.949 raw_profit=2089485.4 loss=2.09664 eps=0.010 buf=21900 updates=15100
[eval  ep 040] greedy_profit=2171360.6 ± 105280.3 (n=3, days=365)
[eval  ep 045] greedy_profit=2170079.5 ± 110283.9 (n=3, days=365)
[train ep 050/50] algo=ddqn steps=365 return=198.483 raw_profit=1984834.7 loss=2.61070 eps=0.010 buf=25550 updates=18750
[eval  ep 050] greedy_profit=2168805.8 ± 106622.6 (n=3, days=365)
saved best checkpoint → /Users/oliverhuang/Desktop/2026_furp_零售/logs/checkpoints/ddqn_harsh_strong_raw94_ddqn_ws_rulemask_best.pt (profit=2174933.8)
[ddqn/ws/rulemask] best_eval=2174933.808333335

===== TRAIN ppo/no_ws/nomask =====
[train PPO] encoder=raw dim=94 n_actions=18 forbid_e1=True
[train PPO ep 001/50] raw_profit=2103969.2 loss=42.0180
[eval  PPO ep 005] greedy_profit=2101337.1 ± 134148.0
[train PPO ep 010/50] raw_profit=2018367.5 loss=27.0421
[eval  PPO ep 010] greedy_profit=2165577.4 ± 99677.3
[eval  PPO ep 015] greedy_profit=2080010.4 ± 127874.1
[train PPO ep 020/50] raw_profit=2477078.5 loss=25.5872
[eval  PPO ep 020] greedy_profit=2101337.1 ± 134148.0
[eval  PPO ep 025] greedy_profit=2101337.1 ± 134148.0
[train PPO ep 030/50] raw_profit=2386786.0 loss=29.2886
[eval  PPO ep 030] greedy_profit=2101337.1 ± 134148.0
[eval  PPO ep 035] greedy_profit=2101337.1 ± 134148.0
[train PPO ep 040/50] raw_profit=2022907.7 loss=22.0124
[eval  PPO ep 040] greedy_profit=2101337.1 ± 134148.0
[eval  PPO ep 045] greedy_profit=2166767.3 ± 110600.8
[train PPO ep 050/50] raw_profit=1942685.4 loss=21.4067
[eval  PPO ep 050] greedy_profit=2166767.3 ± 110600.8
saved best checkpoint → /Users/oliverhuang/Desktop/2026_furp_零售/logs/checkpoints/ddqn_harsh_strong_raw94_ppo_no_ws_nomask_best.pt (profit=2166767.3)
[ppo/no_ws/nomask] best_eval=2166767.2999999993

===== TRAIN ppo/no_ws/rulemask =====
[train PPO] encoder=raw dim=94 n_actions=18 forbid_e1=True
[train PPO ep 001/50] raw_profit=2127138.1 loss=42.8908
[eval  PPO ep 005] greedy_profit=2178351.1 ± 110474.7
[train PPO ep 010/50] raw_profit=2070528.2 loss=27.2444
[eval  PPO ep 010] greedy_profit=2178351.1 ± 110474.7
[eval  PPO ep 015] greedy_profit=2176459.5 ± 114078.3
[train PPO ep 020/50] raw_profit=2499565.8 loss=26.6350
[eval  PPO ep 020] greedy_profit=2170815.1 ± 107354.3
[eval  PPO ep 025] greedy_profit=2175723.3 ± 108162.3
[train PPO ep 030/50] raw_profit=2386201.0 loss=28.8923
[eval  PPO ep 030] greedy_profit=2174213.5 ± 110757.8
[eval  PPO ep 035] greedy_profit=2174213.5 ± 110757.8
[train PPO ep 040/50] raw_profit=2071655.0 loss=23.8288
[eval  PPO ep 040] greedy_profit=2174213.5 ± 110757.8
[eval  PPO ep 045] greedy_profit=2170413.4 ± 109937.1
[train PPO ep 050/50] raw_profit=1976272.8 loss=22.1265
[eval  PPO ep 050] greedy_profit=2170042.3 ± 108767.6
saved best checkpoint → /Users/oliverhuang/Desktop/2026_furp_零售/logs/checkpoints/ddqn_harsh_strong_raw94_ppo_no_ws_rulemask_best.pt (profit=2178351.1)
[ppo/no_ws/rulemask] best_eval=2178351.1249999995

===== TRAIN ppo/ws/nomask =====
[train PPO] encoder=raw dim=94 n_actions=18 forbid_e1=True
[warmstart] collecting 20 rule episodes ...
[warmstart PPO-BC 0001/2000] loss=2.1987
[warmstart PPO-BC 0400/2000] loss=0.0014
[warmstart PPO-BC 0800/2000] loss=0.0002
[warmstart PPO-BC 1200/2000] loss=0.0001
[warmstart PPO-BC 1600/2000] loss=0.0000
[warmstart PPO-BC 2000/2000] loss=0.0000
[warmstart] pre-RL greedy eval=2171627.1
[train PPO ep 001/50] raw_profit=2125227.7 loss=28.5314
[eval  PPO ep 005] greedy_profit=2171627.1 ± 126977.3
[train PPO ep 010/50] raw_profit=2081597.8 loss=42.7171
[eval  PPO ep 010] greedy_profit=2172871.5 ± 120211.1
[eval  PPO ep 015] greedy_profit=2172597.6 ± 126586.1
[train PPO ep 020/50] raw_profit=2529312.9 loss=27.6971
[eval  PPO ep 020] greedy_profit=2170777.9 ± 126106.3
[eval  PPO ep 025] greedy_profit=2172385.9 ± 121198.0
[train PPO ep 030/50] raw_profit=2407407.8 loss=28.4334
[eval  PPO ep 030] greedy_profit=2173733.1 ± 122192.3
[eval  PPO ep 035] greedy_profit=2167796.7 ± 121790.9
[train PPO ep 040/50] raw_profit=2077997.7 loss=25.8804
[eval  PPO ep 040] greedy_profit=2172982.3 ± 121796.0
[eval  PPO ep 045] greedy_profit=2169887.6 ± 124332.8
[train PPO ep 050/50] raw_profit=1964298.3 loss=22.5780
[eval  PPO ep 050] greedy_profit=2169784.1 ± 112777.9
saved best checkpoint → /Users/oliverhuang/Desktop/2026_furp_零售/logs/checkpoints/ddqn_harsh_strong_raw94_ppo_ws_nomask_best.pt (profit=2173733.1)
[ppo/ws/nomask] best_eval=2173733.066666667

===== TRAIN ppo/ws/rulemask =====
[train PPO] encoder=raw dim=94 n_actions=18 forbid_e1=True
[warmstart] collecting 20 rule episodes ...
[warmstart PPO-BC 0001/2000] loss=1.1509
[warmstart PPO-BC 0400/2000] loss=0.0048
[warmstart PPO-BC 0800/2000] loss=0.0016
[warmstart PPO-BC 1200/2000] loss=0.0000
[warmstart PPO-BC 1600/2000] loss=0.0000
[warmstart PPO-BC 2000/2000] loss=0.0000
[warmstart] pre-RL greedy eval=2173684.4
[train PPO ep 001/50] raw_profit=2139479.9 loss=30.2242
[eval  PPO ep 005] greedy_profit=2174887.1 ± 110232.2
[train PPO ep 010/50] raw_profit=2057875.7 loss=42.8565
[eval  PPO ep 010] greedy_profit=2173689.9 ± 112264.7
[eval  PPO ep 015] greedy_profit=2173689.9 ± 112264.7
[train PPO ep 020/50] raw_profit=2510369.1 loss=27.8195
[eval  PPO ep 020] greedy_profit=2176557.9 ± 112594.2
[eval  PPO ep 025] greedy_profit=2177855.1 ± 110538.3
[train PPO ep 030/50] raw_profit=2434943.7 loss=29.8576
[eval  PPO ep 030] greedy_profit=2173525.9 ± 113124.7
[eval  PPO ep 035] greedy_profit=2172915.8 ± 112444.3
[train PPO ep 040/50] raw_profit=2091605.9 loss=24.6029
[eval  PPO ep 040] greedy_profit=2173812.3 ± 110388.5
[eval  PPO ep 045] greedy_profit=2173500.2 ± 113319.2
[train PPO ep 050/50] raw_profit=1984425.4 loss=22.3978
[eval  PPO ep 050] greedy_profit=2175576.6 ± 112458.3
saved best checkpoint → /Users/oliverhuang/Desktop/2026_furp_零售/logs/checkpoints/ddqn_harsh_strong_raw94_ppo_ws_rulemask_best.pt (profit=2177855.1)
[ppo/ws/rulemask] best_eval=2177855.125

===== baselines n_rep=30 =====
  fixed_0_(s,S): 1987242.83 ± 67121.16
  best_fixed_12: 2155239.64 ± 57518.15
  rule_based: 2143906.96 ± 59791.66

===== EVAL ddqn/no_ws/nomask =====
  ddqn/no_ws/nomask: 2105781.69 ± 63252.76 | ell2|sev=39.7% | Δrule=-38125 Δbest=-49458

===== EVAL ddqn/no_ws/rulemask =====
  ddqn/no_ws/rulemask: 2144940.03 ± 58690.12 | ell2|sev=100.0% | Δrule=+1033 Δbest=-10300

===== EVAL ddqn/ws/nomask =====
  ddqn/ws/nomask: 2136920.35 ± 59921.79 | ell2|sev=79.5% | Δrule=-6987 Δbest=-18319

===== EVAL ddqn/ws/rulemask =====
  ddqn/ws/rulemask: 2151873.53 ± 58142.15 | ell2|sev=100.0% | Δrule=+7967 Δbest=-3366

===== EVAL ppo/no_ws/nomask =====
  ppo/no_ws/nomask: 2134984.98 ± 59019.06 | ell2|sev=100.0% | Δrule=-8922 Δbest=-20255

===== EVAL ppo/no_ws/rulemask =====
  ppo/no_ws/rulemask: 2156735.41 ± 58262.52 | ell2|sev=100.0% | Δrule=+12828 Δbest=+1496

===== EVAL ppo/ws/nomask =====
  ppo/ws/nomask: 2145550.95 ± 60977.08 | ell2|sev=100.0% | Δrule=+1644 Δbest=-9689

===== EVAL ppo/ws/rulemask =====
  ppo/ws/rulemask: 2156556.27 ± 58454.94 | ell2|sev=100.0% | Δrule=+12649 Δbest=+1317

Rule-buffer mask ablation (harsh_strong, raw94, forbid_e1)
Run at: 2026-07-29T20:29:31
dos_threshold=1.0
episodes=50 n_rep=30

Rule: severe OR min DOS < threshold → only ell=2 legal.

algo      ws     mask       profit        ±CI   ell2|sev      Δrule      Δbest
ddqn       N      OFF   2105781.69   63252.76      39.7%  -38125.28  -49457.95
ddqn       N       ON   2144940.03   58690.12     100.0%   +1033.07  -10299.61
ddqn       Y      OFF   2136920.35   59921.79      79.5%   -6986.61  -18319.29
ddqn       Y       ON   2151873.53   58142.15     100.0%   +7966.57   -3366.11
ppo        N      OFF   2134984.98   59019.06     100.0%   -8921.98  -20254.66
ppo        N       ON   2156735.41   58262.52     100.0%  +12828.45   +1495.77
ppo        Y      OFF   2145550.95   60977.08     100.0%   +1643.99   -9688.69
ppo        Y       ON   2156556.27   58454.94     100.0%  +12649.31   +1316.63

baselines: rule=2143906.96±59791.66 | best_fixed_12=2155239.64±57518.15

Mask lift (ON − OFF) by algo/ws:
  ddqn/no_ws: +39158.34 (ell2|sev 40%→100%)
  ddqn/ws: +14953.18 (ell2|sev 80%→100%)
  ppo/no_ws: +21750.43 (ell2|sev 100%→100%)
  ppo/ws: +11005.32 (ell2|sev 100%→100%)

log → /Users/oliverhuang/Desktop/2026_furp_零售/logs/rule_buffer_mask_ablation_harsh_strong_30rep.log
